\BOOKMARK [1][-]{section.1}{\376\377\000I\000n\000t\000r\000o\000d\000u\000c\000t\000i\000o\000n\000\040\000a\000n\000d\000\040\000s\000c\000i\000e\000n\000t\000i\000f\000i\000c\000\040\000f\000r\000a\000m\000i\000n\000g}{}% 1
\BOOKMARK [1][-]{section.2}{\376\377\000P\000u\000b\000l\000i\000c\000\040\000s\000o\000f\000t\000w\000a\000r\000e\000\040\000w\000o\000r\000k\000f\000l\000o\000w}{}% 2
\BOOKMARK [1][-]{section.3}{\376\377\000S\000i\000m\000u\000l\000a\000t\000i\000o\000n\000\040\000p\000i\000p\000e\000l\000i\000n\000e}{}% 3
\BOOKMARK [2][-]{subsection.3.1}{\376\377\000N\000e\000u\000r\000a\000l\000\040\000b\000a\000c\000k\000e\000n\000d\000s}{section.3}% 4
\BOOKMARK [1][-]{section.4}{\376\377\000N\000e\000u\000r\000a\000l\000\040\000r\000a\000t\000e\000\040\000m\000o\000d\000e\000l}{}% 5
\BOOKMARK [2][-]{subsection.4.1}{\376\377\000D\000y\000n\000a\000m\000i\000c\000s}{section.4}% 6
\BOOKMARK [2][-]{subsection.4.2}{\376\377\000T\000a\000r\000g\000e\000t\000\040\000d\000r\000i\000v\000e}{section.4}% 7
\BOOKMARK [2][-]{subsection.4.3}{\376\377\000D\000e\000f\000a\000u\000l\000t\000\040\000p\000a\000r\000a\000m\000e\000t\000e\000r\000s}{section.4}% 8
\BOOKMARK [1][-]{section.5}{\376\377\000M\000a\000x\000i\000m\000a\000l\000l\000y\000\040\000h\000i\000p\000p\000o\000c\000a\000m\000p\000a\000l\000\040\000R\000a\000t\000I\000n\000A\000B\000o\000x\000\040\000p\000o\000p\000u\000l\000a\000t\000i\000o\000n\000s}{}% 9
\BOOKMARK [1][-]{section.6}{\376\377\000P\000r\000o\000b\000e\000\040\000a\000n\000a\000t\000o\000m\000y\000\040\000a\000n\000d\000\040\000r\000e\000g\000i\000o\000n\000\040\000c\000o\000n\000t\000a\000c\000t}{}% 10
\BOOKMARK [2][-]{subsection.6.1}{\376\377\000C\000e\000l\000l\000\040\000t\000y\000p\000e\000\040\000\040\000p\000r\000o\000b\000e\000\040\000c\000o\000n\000t\000a\000c\000t}{section.6}% 11
\BOOKMARK [1][-]{section.7}{\376\377\000H\000i\000p\000p\000o\000c\000a\000m\000p\000a\000l\000\040\000d\000y\000n\000a\000m\000i\000c\000s\000\040\000o\000v\000e\000r\000l\000a\000y\000s}{}% 12
\BOOKMARK [2][-]{subsection.7.1}{\376\377\000S\000h\000a\000r\000e\000d\000\040\000g\000l\000o\000b\000a\000l\000\040\000f\000e\000a\000t\000u\000r\000e\000s}{section.7}% 13
\BOOKMARK [2][-]{subsection.7.2}{\376\377\000P\000e\000r\000-\000g\000r\000o\000u\000p\000\040\000o\000v\000e\000r\000l\000a\000y\000s}{section.7}% 14
\BOOKMARK [2][-]{subsection.7.3}{\376\377\000C\000A\0001\000\040\000i\000n\000t\000e\000r\000n\000e\000u\000r\000o\000n\000\040\000e\000q\000u\000a\000t\000i\000o\000n}{section.7}% 15
\BOOKMARK [1][-]{section.8}{\376\377\000I\000n\000t\000e\000r\000-\000r\000e\000g\000i\000o\000n\000\040\000c\000o\000u\000p\000l\000i\000n\000g\000:\000\040\000i\000m\000p\000l\000e\000m\000e\000n\000t\000e\000d\000\040\000a\000n\000d\000\040\000p\000l\000a\000n\000n\000e\000d}{}% 16
\BOOKMARK [2][-]{subsection.8.1}{\376\377\000W\000h\000a\000t\000\040\000i\000s\000\040\000i\000m\000p\000l\000e\000m\000e\000n\000t\000e\000d\000\040\000t\000o\000d\000a\000y}{section.8}% 17
\BOOKMARK [2][-]{subsection.8.2}{\376\377\000D\000e\000r\000i\000v\000e\000d\000\040\000t\000a\000r\000g\000e\000t\000:\000\040\000t\000r\000i\000s\000y\000n\000a\000p\000t\000i\000c\000\040\000f\000e\000e\000d\000f\000o\000r\000w\000a\000r\000d}{section.8}% 18
\BOOKMARK [2][-]{subsection.8.3}{\376\377\000D\000e\000c\000o\000d\000e\000r\000-\000f\000a\000c\000i\000n\000g\000\040\000c\000o\000n\000s\000e\000q\000u\000e\000n\000c\000e}{section.8}% 19
\BOOKMARK [1][-]{section.9}{\376\377\000C\000a\000u\000s\000a\000l\000\040\000d\000e\000c\000o\000d\000i\000n\000g}{}% 20
\BOOKMARK [2][-]{subsection.9.1}{\376\377\000O\000b\000s\000e\000r\000v\000a\000t\000i\000o\000n\000\040\000m\000o\000d\000e\000l}{section.9}% 21
\BOOKMARK [2][-]{subsection.9.2}{\376\377\000T\000i\000m\000i\000n\000g\000\040\000s\000y\000m\000b\000o\000l\000s}{section.9}% 22
\BOOKMARK [2][-]{subsection.9.3}{\376\377\000A\000r\000c\000h\000i\000t\000e\000c\000t\000u\000r\000a\000l\000\040\000s\000e\000p\000a\000r\000a\000t\000i\000o\000n}{section.9}% 23
\BOOKMARK [2][-]{subsection.9.4}{\376\377\000D\000e\000c\000o\000d\000i\000n\000g\000\040\000t\000a\000r\000g\000e\000t\000s}{section.9}% 24
\BOOKMARK [1][-]{section.10}{\376\377\000D\000e\000c\000o\000d\000e\000r\000\040\000m\000o\000d\000e\000l\000\040\000z\000o\000o}{}% 25
\BOOKMARK [2][-]{subsection.10.1}{\376\377\000Q\000u\000i\000c\000k\000\040\000m\000o\000d\000e\000\040\000\050\000d\000e\000f\000a\000u\000l\000t\000\051}{section.10}% 26
\BOOKMARK [2][-]{subsection.10.2}{\376\377\000F\000u\000l\000l\000\040\000m\000o\000d\000e}{section.10}% 27
\BOOKMARK [2][-]{subsection.10.3}{\376\377\000S\000e\000l\000e\000c\000t\000i\000o\000n\000\040\000p\000o\000l\000i\000c\000i\000e\000s\000\040\000a\000n\000d\000\040\000d\000e\000p\000l\000o\000y\000m\000e\000n\000t\000\040\000r\000u\000l\000e}{section.10}% 28
\BOOKMARK [1][-]{section.11}{\376\377\000B\000a\000y\000e\000s\000i\000a\000n\000\040\000p\000l\000a\000c\000e\000\040\000d\000e\000c\000o\000d\000e\000r}{}% 29
\BOOKMARK [1][-]{section.12}{\376\377\000M\000a\000n\000i\000f\000o\000l\000d\000\040\000f\000e\000a\000t\000u\000r\000e\000s}{}% 30
\BOOKMARK [2][-]{subsection.12.1}{\376\377\000S\000t\000a\000t\000i\000c\000\040\000m\000a\000n\000i\000f\000o\000l\000d\000-\000i\000n\000f\000o\000r\000m\000e\000d\000\040\000d\000e\000c\000o\000d\000i\000n\000g}{section.12}% 31
\BOOKMARK [2][-]{subsection.12.2}{\376\377\000O\000p\000t\000i\000o\000n\000a\000l\000\040\000t\000e\000m\000p\000o\000r\000a\000l\000\040\000m\000a\000n\000i\000f\000o\000l\000d\000\040\000d\000e\000c\000o\000d\000i\000n\000g}{section.12}% 32
\BOOKMARK [2][-]{subsection.12.3}{\376\377\000O\000f\000f\000l\000i\000n\000e\000\040\000I\000s\000o\000m\000a\000p\000\040\000a\000n\000d\000\040\000r\000e\000a\000l\000t\000i\000m\000e\000\040\000d\000i\000s\000t\000i\000l\000l\000a\000t\000i\000o\000n}{section.12}% 33
\BOOKMARK [1][-]{section.13}{\376\377\000R\000e\000p\000r\000e\000s\000e\000n\000t\000a\000t\000i\000v\000e\000\040\000r\000e\000s\000u\000l\000t\000s\000\040\000f\000r\000o\000m\000\040\000t\000h\000e\000\040\000l\000a\000t\000e\000s\000t\000\040\000r\000u\000n}{}% 34
\BOOKMARK [2][-]{subsection.13.1}{\376\377\000S\000i\000m\000u\000l\000a\000t\000i\000o\000n\000\040\000a\000n\000d\000\040\000r\000e\000c\000o\000r\000d\000i\000n\000g\000\040\000s\000u\000m\000m\000a\000r\000y}{section.13}% 35
\BOOKMARK [2][-]{subsection.13.2}{\376\377\000M\000a\000n\000i\000f\000o\000l\000d\000-\000i\000n\000f\000o\000r\000m\000e\000d\000\040\000d\000e\000c\000o\000d\000i\000n\000g}{section.13}% 36
\BOOKMARK [2][-]{subsection.13.3}{\376\377\000D\000e\000p\000l\000o\000y\000a\000b\000l\000e\000\040\000o\000f\000f\000l\000i\000n\000e\000\040\000s\000e\000l\000e\000c\000t\000i\000o\000n\000\040\000\050\000s\000o\000r\000t\000e\000d\000\040\000s\000p\000i\000k\000e\000s\000\051}{section.13}% 37
\BOOKMARK [2][-]{subsection.13.4}{\376\377\000O\000r\000a\000c\000l\000e\000\040\000d\000i\000a\000g\000n\000o\000s\000t\000i\000c\000s\000\040\000\050\000g\000r\000o\000u\000n\000d\000-\000t\000r\000u\000t\000h\000\040\000s\000p\000i\000k\000e\000s\000\051}{section.13}% 38
\BOOKMARK [2][-]{subsection.13.5}{\376\377\000C\000a\000u\000s\000a\000l\000\040\000r\000e\000a\000l\000t\000i\000m\000e\000\040\000r\000e\000p\000l\000a\000y}{section.13}% 39
\BOOKMARK [1][-]{section.14}{\376\377\000O\000u\000t\000p\000u\000t\000s\000\040\000a\000n\000d\000\040\000v\000i\000s\000u\000a\000l\000i\000z\000a\000t\000i\000o\000n}{}% 40
\BOOKMARK [1][-]{section.15}{\376\377\000F\000u\000t\000u\000r\000e\000\040\000R\000a\000t\000I\000n\000A\000B\000o\000x\000\040\000b\000e\000h\000a\000v\000i\000o\000r\000\040\000e\000x\000t\000e\000n\000s\000i\000o\000n\000s}{}% 41
\BOOKMARK [2][-]{subsection.15.1}{\376\377\000A\000l\000i\000g\000n\000m\000e\000n\000t\000\040\000w\000i\000t\000h\000\040\000R\000a\000t\000I\000n\000A\000B\000o\000x}{section.15}% 42
\BOOKMARK [2][-]{subsection.15.2}{\376\377\000R\000e\000a\000l\000\040\000t\000r\000a\000j\000e\000c\000t\000o\000r\000y\000\040\000i\000m\000p\000l\000e\000m\000e\000n\000t\000a\000t\000i\000o\000n\000\040\000\050\000i\000m\000p\000o\000r\000t\000\137\000t\000r\000a\000j\000e\000c\000t\000o\000r\000y\000\051}{section.15}% 43
\BOOKMARK [2][-]{subsection.15.3}{\376\377\000R\000L\000-\000b\000a\000s\000e\000d\000\040\000r\000e\000w\000a\000r\000d\000\040\000s\000i\000m\000u\000l\000a\000t\000i\000o\000n}{section.15}% 44
\BOOKMARK [1][-]{section.16}{\376\377\000L\000i\000m\000i\000t\000a\000t\000i\000o\000n\000s}{}% 45
\BOOKMARK [1][-]{section.17}{\376\377\000R\000e\000p\000o\000s\000i\000t\000o\000r\000y\000\040\000m\000a\000p\000\040\000\050\000s\000e\000l\000e\000c\000t\000e\000d\000\051}{}% 46
